2025-03-24 07:56:02,351 - DEBUG - Falling back to TensorFlow client; we recommended you install the Cloud TPU client directly with pip install cloud-tpu-client.
2025-03-24 07:56:04,246 - DEBUG - Creating converter from 7 to 5
2025-03-24 07:56:04,246 - DEBUG - Creating converter from 5 to 7
2025-03-24 07:56:04,247 - DEBUG - Creating converter from 7 to 5
2025-03-24 07:56:04,248 - DEBUG - Creating converter from 5 to 7
2025-03-24 07:56:07,553 - DEBUG - Initializing MLIR with module: _site_initialize_0
2025-03-24 07:56:07,635 - DEBUG - Registering dialects from initializer <module 'jaxlib.mlir._mlir_libs._site_initialize_0' from '/usr/local/lib/python3.11/site-packages/jaxlib/mlir/_mlir_libs/_site_initialize_0.so'>
2025-03-24 07:56:08,146 - DEBUG - No jax_plugins namespace packages available
2025-03-24 07:56:08,543 - DEBUG - etils.epath was not found. Using pathlib for file I/O.
2025-03-24 07:56:23,141 - DEBUG - Found a worker binary at: /usr/local/lib/python3.11/site-packages/tensorflow_federated/python/core/impl/executor_stacks/../../../../data/worker_binary
2025-03-24 07:56:23,142 - DEBUG - Using selector: EpollSelector
2025-03-24 07:56:23,144 - DEBUG - Initializing TCPServer with address: ('0.0.0.0', 12345), clients: 9, rounds: 3
2025-03-24 07:56:23,144 - INFO - Setting aggregation algorithm to: FedAvg
2025-03-24 07:56:23,145 - INFO - Setting client profiling to: False
2025-03-24 07:56:23,235 - INFO - Setting evaluation plots to: True
2025-03-24 07:56:23,236 - INFO - Starting server execution
2025-03-24 07:56:23,237 - DEBUG - No initial weights provided, initializing federated model
2025-03-24 07:56:23,237 - INFO - Initializing federated model weights
2025-03-24 07:56:27,640 - DEBUG - Skeleton model created
2025-03-24 07:56:27,749 - DEBUG - Model weights initialized
2025-03-24 07:56:27,836 - DEBUG - Initializing server
2025-03-24 07:56:27,836 - DEBUG - Waiting for clients
2025-03-24 07:56:27,837 - INFO - Waiting for client connections on 0.0.0.0:12345
2025-03-24 07:56:27,837 - DEBUG - Creating server threads
2025-03-24 07:56:27,837 - DEBUG - Creating server threads
2025-03-24 07:56:27,838 - INFO - Starting to accept client connections
2025-03-24 07:56:27,839 - DEBUG - Client connections thread started
2025-03-24 07:56:27,840 - INFO - Starting federated learning rounds management
2025-03-24 07:56:27,841 - DEBUG - Federated learning algorithms thread started
2025-03-24 07:56:27,841 - DEBUG - Waiting for client weights
2025-03-24 07:56:27,842 - DEBUG - Final evaluations thread started
2025-03-24 07:56:27,843 - INFO - Server running
2025-03-24 07:56:27,843 - INFO - Server shutting down
2025-03-24 07:56:27,844 - INFO - Waiting for all threads to complete
